// Jest Snapshot v1, https://goo.gl/fbAQLP

exports[`<FilmInfoReviews> renders correctly 1`] = `
<React.Fragment>
  <div
    className="movie-card__reviews movie-card__row"
  >
    <div
      className="movie-card__reviews-col"
    >
      <div
        className="review"
      >
        <blockquote
          className="review__quote"
        >
          <p
            className="review__text"
          >
            It is certainly a magical and childlike way of storytelling, even if the content is a little more adult.
          </p>
          <footer
            className="review__details"
          >
            <cite
              className="review__author"
            >
              Ellie
            </cite>
            <time
              className="review__date"
              dateTime="2020-11-10T00:00"
            >
              November 10, 2020
            </time>
          </footer>
        </blockquote>
        <div
          className="review__rating"
        >
          10
        </div>
      </div>
      <div
        className="review"
      >
        <blockquote
          className="review__quote"
        >
          <p
            className="review__text"
          >
            Anderson's films are too precious for some, but for those of us willing to lose ourselves in them, they're a delight.
          </p>
          <footer
            className="review__details"
          >
            <cite
              className="review__author"
            >
              Max
            </cite>
            <time
              className="review__date"
              dateTime="2020-11-12T00:00"
            >
              November 12, 2020
            </time>
          </footer>
        </blockquote>
        <div
          className="review__rating"
        >
          5
        </div>
      </div>
      <div
        className="review"
      >
        <blockquote
          className="review__quote"
        >
          <p
            className="review__text"
          >
            I didn't find it amusing, and while I can appreciate the creativity, it's an hour and 40 minutes I wish I could take back.
          </p>
          <footer
            className="review__details"
          >
            <cite
              className="review__author"
            >
              Parvati
            </cite>
            <time
              className="review__date"
              dateTime="2020-11-12T00:00"
            >
              November 12, 2020
            </time>
          </footer>
        </blockquote>
        <div
          className="review__rating"
        >
          8
        </div>
      </div>
    </div>
    <div
      className="movie-card__reviews-col"
    >
      <div
        className="review"
      >
        <blockquote
          className="review__quote"
        >
          <p
            className="review__text"
          >
            The mannered, madcap proceedings are often delightful, occasionally silly, and here and there, gruesome and/or heartbreaking.
          </p>
          <footer
            className="review__details"
          >
            <cite
              className="review__author"
            >
              Felix
            </cite>
            <time
              className="review__date"
              dateTime="2020-11-12T00:00"
            >
              November 12, 2020
            </time>
          </footer>
        </blockquote>
        <div
          className="review__rating"
        >
          8
        </div>
      </div>
      <div
        className="review"
      >
        <blockquote
          className="review__quote"
        >
          <p
            className="review__text"
          >
            Discerning travellers and Wes Anderson fans will luxuriate in the glorious Mittel-European kitsch of one of the director's funniest and most exquisitely designed movies in years.
          </p>
          <footer
            className="review__details"
          >
            <cite
              className="review__author"
            >
              Nyoka
            </cite>
            <time
              className="review__date"
              dateTime="2020-11-12T00:00"
            >
              November 12, 2020
            </time>
          </footer>
        </blockquote>
        <div
          className="review__rating"
        >
          4
        </div>
      </div>
    </div>
  </div>
</React.Fragment>
`;
