// Jest Snapshot v1, https://goo.gl/fbAQLP

exports[`<MainScreen> renders correctly 1`] = `
<React.Fragment>
  <section
    className="movie-card"
  >
    <div
      className="movie-card__bg"
    >
      <img
        alt="The Grand Budapest Hotel"
        src="img/bg-the-grand-budapest-hotel.jpg"
      />
    </div>
    <h1
      className="visually-hidden"
    >
      WTW
    </h1>
    <Header
      className="movie-card__head"
      needToShowUserMenu={true}
    />
    <div
      className="movie-card__wrap"
    >
      <div
        className="movie-card__info"
      >
        <div
          className="movie-card__poster"
        >
          <img
            alt="The Grand Budapest Hotel poster"
            height="327"
            src="img/the-grand-budapest-hotel-poster.jpg"
            width="218"
          />
        </div>
        <FilmCard
          film={
            Object {
              "background": "img/bg-the-grand-budapest-hotel.jpg",
              "backgroundColor": "#eee5b5",
              "description": "In the 1930s, the Grand Budapest Hotel is a popular European ski resort, presided over by concierge Gustave H. (Ralph Fiennes). Zero, a junior lobby boy, becomes Gustave's friend and protege.
    Gustave prides himself on providing first-class service to the hotel's guests, including satisfying the sexual needs of the many elderly women who stay there. When one of Gustave's lovers dies mysteriously, Gustave finds himself the recipient of a priceless painting and the chief suspect in her murder.",
              "director": "Wes Andreson",
              "duration": 124,
              "genre": Array [
                "crime",
                "comedy",
              ],
              "id": "1",
              "isFavorite": true,
              "poster": "img/the-grand-budapest-hotel-poster.jpg",
              "posterSmall": "img/the-grand-budapest-hotel-poster.jpg",
              "previewVideo": "https://upload.wikimedia.org/wikipedia/commons/transcoded/b/b3/Big_Buck_Bunny_Trailer_400p.ogv/Big_Buck_Bunny_Trailer_400p.ogv.360p.webm",
              "starring": Array [
                "Bill Murray",
                "Edward Norton",
                "Jude Law",
                "Willem Dafoe",
                "Saoirse Ronan",
                "Tony Revoloru",
                "Tom Wilkinson",
                "Owen Wilkinson",
                "Adrien Brody",
                "Ralph Fiennes",
                "Jeff Goldblum",
              ],
              "title": "The Grand Budapest Hotel",
              "videoSrc": "https://upload.wikimedia.org/wikipedia/commons/transcoded/b/b3/Big_Buck_Bunny_Trailer_400p.ogv/Big_Buck_Bunny_Trailer_400p.ogv.360p.webm",
              "year": 2014,
            }
          }
        />
      </div>
    </div>
  </section>
  <div
    className="page-content"
  >
    <Memo(Connect(FilmCatalog)) />
    <Footer
      className=""
    />
  </div>
</React.Fragment>
`;
