// Jest Snapshot v1, https://goo.gl/fbAQLP

exports[`<GenreFilter> renders correctly 1`] = `
<ul
  className="catalog__genres-list"
>
  <li
    className="catalog__genres-item catalog__genres-item--active romance"
  >
    <a
      className="catalog__genres-link"
      data-genre="romance"
      href="#"
      onClick={[Function]}
    >
      Romance
    </a>
  </li>
  <li
    className="catalog__genres-item romance"
  >
    <a
      className="catalog__genres-link"
      data-genre="comedy"
      href="#"
      onClick={[Function]}
    >
      Comedy
    </a>
  </li>
  <li
    className="catalog__genres-item romance"
  >
    <a
      className="catalog__genres-link"
      data-genre="drama"
      href="#"
      onClick={[Function]}
    >
      Drama
    </a>
  </li>
</ul>
`;
